
> web@0.1.0 build
> next build

Γû▓ Next.js 16.2.4 (Turbopack)
- Environments: .env.local

  Creating an optimized production build ...
Γ£ô Compiled successfully in 43s
  Running TypeScript ...
  Finished TypeScript in 22.1s ...
  Collecting page data using 3 workers ...
  Generating static pages using 3 workers (0/10) ...
node.exe : Error occurred prerendering page "/about". Read more: 
https://nextjs.org/docs/messages/prerender-error
At line:1 char:1
+ & "C:\Program Files\nodejs/node.exe" "C:\Program Files\nodejs/node_mo ...
+ ~~~~~~~~~~~~~~~~~~~~~~~~~~~~~~~~~~~~~~~~~~~~~~~~~~~~~~~~~~~~~~~~~~~~~
    + CategoryInfo          : NotSpecified: (Error occurred ...prerender-error 
   :String) [], RemoteException
    + FullyQualifiedErrorId : NativeCommandError
 
Error [WagmiProviderNotFoundError]: `useConfig` must be used within 
`WagmiProvider`.

Docs: https://wagmi.sh/react/api/WagmiProvider.html
Version: wagmi@2.19.5
    at ignore-listed frames {
  details: undefined,
  docsPath: '/api/WagmiProvider',
  metaMessages: undefined,
  shortMessage: '`useConfig` must be used within `WagmiProvider`.',
  digest: '622402866'
}
Export encountered an error on /about/page: /about, exiting the build.
Γ¿» Next.js build worker exited with code: 1 and signal: null
